Archive member included to satisfy reference by file (symbol)

/home/mukesh/Desktop/project/mini-os/toolchain/i686-elf/lib/gcc/i686-elf/11.2.0/libgcc.a(_udivdi3.o)
                              /home/mukesh/Desktop/project/mini-os/build/stage2/c/stdio.obj (__udivdi3)
/home/mukesh/Desktop/project/mini-os/toolchain/i686-elf/lib/gcc/i686-elf/11.2.0/libgcc.a(_umoddi3.o)
                              /home/mukesh/Desktop/project/mini-os/build/stage2/c/stdio.obj (__umoddi3)

Memory Configuration

Name             Origin             Length             Attributes
*default*        0x0000000000000000 0xffffffffffffffff

Linker script and memory map

LOAD /home/mukesh/Desktop/project/mini-os/build/stage2/asm/entry.obj
LOAD /home/mukesh/Desktop/project/mini-os/build/stage2/asm/x86.obj
LOAD /home/mukesh/Desktop/project/mini-os/build/stage2/c/ctype.obj
LOAD /home/mukesh/Desktop/project/mini-os/build/stage2/c/disk.obj
LOAD /home/mukesh/Desktop/project/mini-os/build/stage2/c/fat.obj
LOAD /home/mukesh/Desktop/project/mini-os/build/stage2/c/main.obj
LOAD /home/mukesh/Desktop/project/mini-os/build/stage2/c/memory.obj
LOAD /home/mukesh/Desktop/project/mini-os/build/stage2/c/stdio.obj
LOAD /home/mukesh/Desktop/project/mini-os/build/stage2/c/string.obj
LOAD /home/mukesh/Desktop/project/mini-os/toolchain/i686-elf/lib/gcc/i686-elf/11.2.0/libgcc.a
                0x0000000000000500                phys = 0x500
                0x0000000000000500                . = phys

.entry          0x0000000000000500       0xc0
                0x0000000000000500                __entry_start = .
 *(.entry)
 .entry         0x0000000000000500       0xc0 /home/mukesh/Desktop/project/mini-os/build/stage2/asm/entry.obj
                0x0000000000000500                entry

.text           0x00000000000005c0     0x1b80
                0x00000000000005c0                __text_start = .
 *(.text)
 .text          0x00000000000005c0      0x1a5 /home/mukesh/Desktop/project/mini-os/build/stage2/asm/x86.obj
                0x00000000000005c0                x86_outb
                0x00000000000005cb                x86_inb
                0x00000000000005d4                x86_Disk_GetDriveParams
                0x0000000000000697                x86_Disk_Reset
                0x00000000000006e7                x86_Disk_Read
 .text          0x0000000000000765       0x55 /home/mukesh/Desktop/project/mini-os/build/stage2/c/ctype.obj
                0x0000000000000765                islower
                0x000000000000078e                toupper
 .text          0x00000000000007ba      0x199 /home/mukesh/Desktop/project/mini-os/build/stage2/c/disk.obj
                0x00000000000007ba                DISK_Initialize
                0x000000000000082a                DISK_LBA2CHS
                0x00000000000008b7                DISK_ReadSectors
 .text          0x0000000000000953      0xa30 /home/mukesh/Desktop/project/mini-os/build/stage2/c/fat.obj
                0x0000000000000953                FAT_ReadBootSector
                0x0000000000000970                FAT_ReadFat
                0x00000000000009a4                FAT_Initialize
                0x0000000000000bd8                FAT_ClusterToLba
                0x0000000000000bf9                FAT_OpenEntry
                0x0000000000000dc1                FAT_NextCluster
                0x0000000000000e0e                FAT_Read
                0x0000000000001062                FAT_ReadEntry
                0x0000000000001083                FAT_Close
                0x00000000000010d1                FAT_FindFile
                0x0000000000001236                FAT_Open
 .text          0x0000000000001383       0xf2 /home/mukesh/Desktop/project/mini-os/build/stage2/c/main.obj
                0x0000000000001383                start
 .text          0x0000000000001475       0xf5 /home/mukesh/Desktop/project/mini-os/build/stage2/c/memory.obj
                0x0000000000001475                memcpy
                0x00000000000014c7                memset
                0x000000000000150a                memcmp
 .text          0x000000000000156a      0x891 /home/mukesh/Desktop/project/mini-os/build/stage2/c/stdio.obj
                0x000000000000156a                putchr
                0x0000000000001599                putcolor
                0x00000000000015cb                getchr
                0x00000000000015ed                getcolor
                0x0000000000001612                setcursor
                0x0000000000001683                clrscr
                0x0000000000001711                scrollback
                0x00000000000017ff                putc
                0x000000000000190c                puts
                0x000000000000193b                printf_unsigned
                0x00000000000019f4                printf_signed
                0x0000000000001a51                printf
                0x0000000000001d62                print_buffer
 .text          0x0000000000001dfb       0xb6 /home/mukesh/Desktop/project/mini-os/build/stage2/c/string.obj
                0x0000000000001dfb                strchr
                0x0000000000001e39                strcpy
                0x0000000000001e8b                strlen
 *fill*         0x0000000000001eb1        0xf 
 .text          0x0000000000001ec0      0x12a /home/mukesh/Desktop/project/mini-os/toolchain/i686-elf/lib/gcc/i686-elf/11.2.0/libgcc.a(_udivdi3.o)
                0x0000000000001ec0                __udivdi3
 *fill*         0x0000000000001fea        0x6 
 .text          0x0000000000001ff0      0x150 /home/mukesh/Desktop/project/mini-os/toolchain/i686-elf/lib/gcc/i686-elf/11.2.0/libgcc.a(_umoddi3.o)
                0x0000000000001ff0                __umoddi3

.data           0x0000000000002140        0xc
                0x0000000000002140                __data_start = .
 *(.data)
 .data          0x0000000000002140        0x0 /home/mukesh/Desktop/project/mini-os/build/stage2/c/ctype.obj
 .data          0x0000000000002140        0x0 /home/mukesh/Desktop/project/mini-os/build/stage2/c/disk.obj
 .data          0x0000000000002140        0x0 /home/mukesh/Desktop/project/mini-os/build/stage2/c/fat.obj
 .data          0x0000000000002140        0x8 /home/mukesh/Desktop/project/mini-os/build/stage2/c/main.obj
                0x0000000000002140                KernelLoadBuffer
                0x0000000000002144                Kernel
 .data          0x0000000000002148        0x0 /home/mukesh/Desktop/project/mini-os/build/stage2/c/memory.obj
 .data          0x0000000000002148        0x4 /home/mukesh/Desktop/project/mini-os/build/stage2/c/stdio.obj
                0x0000000000002148                g_ScreenBuffer
 .data          0x000000000000214c        0x0 /home/mukesh/Desktop/project/mini-os/build/stage2/c/string.obj
 .data          0x000000000000214c        0x0 /home/mukesh/Desktop/project/mini-os/toolchain/i686-elf/lib/gcc/i686-elf/11.2.0/libgcc.a(_udivdi3.o)
 .data          0x000000000000214c        0x0 /home/mukesh/Desktop/project/mini-os/toolchain/i686-elf/lib/gcc/i686-elf/11.2.0/libgcc.a(_umoddi3.o)

.rodata         0x000000000000214c      0x206
                0x000000000000214c                __rodata_start = .
 *(.rodata)
 .rodata        0x000000000000214c      0x11b /home/mukesh/Desktop/project/mini-os/build/stage2/c/fat.obj
 .rodata        0x0000000000002267       0x2f /home/mukesh/Desktop/project/mini-os/build/stage2/c/main.obj
 *fill*         0x0000000000002296        0x2 
 .rodata        0x0000000000002298       0xba /home/mukesh/Desktop/project/mini-os/build/stage2/c/stdio.obj
                0x0000000000002298                SCREEN_WIDTH
                0x000000000000229c                SCREEN_HEIGHT
                0x00000000000022a0                DEFAULT_COLOR
                0x00000000000022a4                g_HexChars

.eh_frame       0x0000000000002354       0xd8
 .eh_frame      0x0000000000002354       0x64 /home/mukesh/Desktop/project/mini-os/toolchain/i686-elf/lib/gcc/i686-elf/11.2.0/libgcc.a(_udivdi3.o)
 .eh_frame      0x00000000000023b8       0x74 /home/mukesh/Desktop/project/mini-os/toolchain/i686-elf/lib/gcc/i686-elf/11.2.0/libgcc.a(_umoddi3.o)

.bss            0x000000000000242c       0x14
                0x000000000000242c                __bss_start = .
 *(.bss)
 .bss           0x000000000000242c        0x0 /home/mukesh/Desktop/project/mini-os/build/stage2/c/ctype.obj
 .bss           0x000000000000242c        0x0 /home/mukesh/Desktop/project/mini-os/build/stage2/c/disk.obj
 .bss           0x000000000000242c        0xc /home/mukesh/Desktop/project/mini-os/build/stage2/c/fat.obj
 .bss           0x0000000000002438        0x0 /home/mukesh/Desktop/project/mini-os/build/stage2/c/main.obj
 .bss           0x0000000000002438        0x0 /home/mukesh/Desktop/project/mini-os/build/stage2/c/memory.obj
 .bss           0x0000000000002438        0x8 /home/mukesh/Desktop/project/mini-os/build/stage2/c/stdio.obj
                0x0000000000002438                g_ScreenX
                0x000000000000243c                g_ScreenY
 .bss           0x0000000000002440        0x0 /home/mukesh/Desktop/project/mini-os/build/stage2/c/string.obj
 .bss           0x0000000000002440        0x0 /home/mukesh/Desktop/project/mini-os/toolchain/i686-elf/lib/gcc/i686-elf/11.2.0/libgcc.a(_udivdi3.o)
 .bss           0x0000000000002440        0x0 /home/mukesh/Desktop/project/mini-os/toolchain/i686-elf/lib/gcc/i686-elf/11.2.0/libgcc.a(_umoddi3.o)
                0x0000000000002440                __end = .
OUTPUT(/home/mukesh/Desktop/project/mini-os/build/stage2.bin binary)

.debug_info     0x0000000000000000     0x1eba
 .debug_info    0x0000000000000000       0xcb /home/mukesh/Desktop/project/mini-os/build/stage2/c/ctype.obj
 .debug_info    0x00000000000000cb      0x2b1 /home/mukesh/Desktop/project/mini-os/build/stage2/c/disk.obj
 .debug_info    0x000000000000037c      0x9a9 /home/mukesh/Desktop/project/mini-os/build/stage2/c/fat.obj
 .debug_info    0x0000000000000d25      0x2bf /home/mukesh/Desktop/project/mini-os/build/stage2/c/main.obj
 .debug_info    0x0000000000000fe4      0x1e8 /home/mukesh/Desktop/project/mini-os/build/stage2/c/memory.obj
 .debug_info    0x00000000000011cc      0x54d /home/mukesh/Desktop/project/mini-os/build/stage2/c/stdio.obj
 .debug_info    0x0000000000001719      0x132 /home/mukesh/Desktop/project/mini-os/build/stage2/c/string.obj
 .debug_info    0x000000000000184b      0x32c /home/mukesh/Desktop/project/mini-os/toolchain/i686-elf/lib/gcc/i686-elf/11.2.0/libgcc.a(_udivdi3.o)
 .debug_info    0x0000000000001b77      0x343 /home/mukesh/Desktop/project/mini-os/toolchain/i686-elf/lib/gcc/i686-elf/11.2.0/libgcc.a(_umoddi3.o)

.debug_abbrev   0x0000000000000000      0xb9c
 .debug_abbrev  0x0000000000000000       0x77 /home/mukesh/Desktop/project/mini-os/build/stage2/c/ctype.obj
 .debug_abbrev  0x0000000000000077      0x140 /home/mukesh/Desktop/project/mini-os/build/stage2/c/disk.obj
 .debug_abbrev  0x00000000000001b7      0x24d /home/mukesh/Desktop/project/mini-os/build/stage2/c/fat.obj
 .debug_abbrev  0x0000000000000404      0x14c /home/mukesh/Desktop/project/mini-os/build/stage2/c/main.obj
 .debug_abbrev  0x0000000000000550       0xe2 /home/mukesh/Desktop/project/mini-os/build/stage2/c/memory.obj
 .debug_abbrev  0x0000000000000632      0x1f6 /home/mukesh/Desktop/project/mini-os/build/stage2/c/stdio.obj
 .debug_abbrev  0x0000000000000828       0xa8 /home/mukesh/Desktop/project/mini-os/build/stage2/c/string.obj
 .debug_abbrev  0x00000000000008d0      0x15b /home/mukesh/Desktop/project/mini-os/toolchain/i686-elf/lib/gcc/i686-elf/11.2.0/libgcc.a(_udivdi3.o)
 .debug_abbrev  0x0000000000000a2b      0x171 /home/mukesh/Desktop/project/mini-os/toolchain/i686-elf/lib/gcc/i686-elf/11.2.0/libgcc.a(_umoddi3.o)

.debug_aranges  0x0000000000000000      0x120
 .debug_aranges
                0x0000000000000000       0x20 /home/mukesh/Desktop/project/mini-os/build/stage2/c/ctype.obj
 .debug_aranges
                0x0000000000000020       0x20 /home/mukesh/Desktop/project/mini-os/build/stage2/c/disk.obj
 .debug_aranges
                0x0000000000000040       0x20 /home/mukesh/Desktop/project/mini-os/build/stage2/c/fat.obj
 .debug_aranges
                0x0000000000000060       0x20 /home/mukesh/Desktop/project/mini-os/build/stage2/c/main.obj
 .debug_aranges
                0x0000000000000080       0x20 /home/mukesh/Desktop/project/mini-os/build/stage2/c/memory.obj
 .debug_aranges
                0x00000000000000a0       0x20 /home/mukesh/Desktop/project/mini-os/build/stage2/c/stdio.obj
 .debug_aranges
                0x00000000000000c0       0x20 /home/mukesh/Desktop/project/mini-os/build/stage2/c/string.obj
 .debug_aranges
                0x00000000000000e0       0x20 /home/mukesh/Desktop/project/mini-os/toolchain/i686-elf/lib/gcc/i686-elf/11.2.0/libgcc.a(_udivdi3.o)
 .debug_aranges
                0x0000000000000100       0x20 /home/mukesh/Desktop/project/mini-os/toolchain/i686-elf/lib/gcc/i686-elf/11.2.0/libgcc.a(_umoddi3.o)

.debug_line     0x0000000000000000      0xf83
 .debug_line    0x0000000000000000       0x88 /home/mukesh/Desktop/project/mini-os/build/stage2/c/ctype.obj
 .debug_line    0x0000000000000088       0xee /home/mukesh/Desktop/project/mini-os/build/stage2/c/disk.obj
 .debug_line    0x0000000000000176      0x4d7 /home/mukesh/Desktop/project/mini-os/build/stage2/c/fat.obj
 .debug_line    0x000000000000064d       0xab /home/mukesh/Desktop/project/mini-os/build/stage2/c/main.obj
 .debug_line    0x00000000000006f8       0xe8 /home/mukesh/Desktop/project/mini-os/build/stage2/c/memory.obj
 .debug_line    0x00000000000007e0      0x3be /home/mukesh/Desktop/project/mini-os/build/stage2/c/stdio.obj
 .debug_line    0x0000000000000b9e       0x97 /home/mukesh/Desktop/project/mini-os/build/stage2/c/string.obj
 .debug_line    0x0000000000000c35      0x179 /home/mukesh/Desktop/project/mini-os/toolchain/i686-elf/lib/gcc/i686-elf/11.2.0/libgcc.a(_udivdi3.o)
 .debug_line    0x0000000000000dae      0x1d5 /home/mukesh/Desktop/project/mini-os/toolchain/i686-elf/lib/gcc/i686-elf/11.2.0/libgcc.a(_umoddi3.o)

.debug_str      0x0000000000000000     0x12a3
 .debug_str     0x0000000000000000       0xea /home/mukesh/Desktop/project/mini-os/build/stage2/c/ctype.obj
 .debug_str     0x00000000000000ea      0x1c5 /home/mukesh/Desktop/project/mini-os/build/stage2/c/disk.obj
 .debug_str     0x00000000000002af      0x5e8 /home/mukesh/Desktop/project/mini-os/build/stage2/c/fat.obj
 .debug_str     0x0000000000000897      0x1e2 /home/mukesh/Desktop/project/mini-os/build/stage2/c/main.obj
 .debug_str     0x0000000000000a79      0x125 /home/mukesh/Desktop/project/mini-os/build/stage2/c/memory.obj
 .debug_str     0x0000000000000b9e      0x24e /home/mukesh/Desktop/project/mini-os/build/stage2/c/stdio.obj
 .debug_str     0x0000000000000dec       0xf1 /home/mukesh/Desktop/project/mini-os/build/stage2/c/string.obj
 .debug_str     0x0000000000000edd      0x1e3 /home/mukesh/Desktop/project/mini-os/toolchain/i686-elf/lib/gcc/i686-elf/11.2.0/libgcc.a(_udivdi3.o)
 .debug_str     0x00000000000010c0      0x1e3 /home/mukesh/Desktop/project/mini-os/toolchain/i686-elf/lib/gcc/i686-elf/11.2.0/libgcc.a(_umoddi3.o)

.debug_line_str
                0x0000000000000000      0x870
 .debug_line_str
                0x0000000000000000       0x8e /home/mukesh/Desktop/project/mini-os/build/stage2/c/ctype.obj
 .debug_line_str
                0x000000000000008e       0xfd /home/mukesh/Desktop/project/mini-os/build/stage2/c/disk.obj
 .debug_line_str
                0x000000000000018b      0x11c /home/mukesh/Desktop/project/mini-os/build/stage2/c/fat.obj
 .debug_line_str
                0x00000000000002a7      0x10e /home/mukesh/Desktop/project/mini-os/build/stage2/c/main.obj
 .debug_line_str
                0x00000000000003b5       0xf6 /home/mukesh/Desktop/project/mini-os/build/stage2/c/memory.obj
 .debug_line_str
                0x00000000000004ab      0x102 /home/mukesh/Desktop/project/mini-os/build/stage2/c/stdio.obj
 .debug_line_str
                0x00000000000005ad       0x91 /home/mukesh/Desktop/project/mini-os/build/stage2/c/string.obj
 .debug_line_str
                0x000000000000063e      0x119 /home/mukesh/Desktop/project/mini-os/toolchain/i686-elf/lib/gcc/i686-elf/11.2.0/libgcc.a(_udivdi3.o)
 .debug_line_str
                0x0000000000000757      0x119 /home/mukesh/Desktop/project/mini-os/toolchain/i686-elf/lib/gcc/i686-elf/11.2.0/libgcc.a(_umoddi3.o)

.comment        0x0000000000000000       0xab
 .comment       0x0000000000000000       0x13 /home/mukesh/Desktop/project/mini-os/build/stage2/c/ctype.obj
 .comment       0x0000000000000013       0x13 /home/mukesh/Desktop/project/mini-os/build/stage2/c/disk.obj
 .comment       0x0000000000000026       0x13 /home/mukesh/Desktop/project/mini-os/build/stage2/c/fat.obj
 .comment       0x0000000000000039       0x13 /home/mukesh/Desktop/project/mini-os/build/stage2/c/main.obj
 .comment       0x000000000000004c       0x13 /home/mukesh/Desktop/project/mini-os/build/stage2/c/memory.obj
 .comment       0x000000000000005f       0x13 /home/mukesh/Desktop/project/mini-os/build/stage2/c/stdio.obj
 .comment       0x0000000000000072       0x13 /home/mukesh/Desktop/project/mini-os/build/stage2/c/string.obj
 .comment       0x0000000000000085       0x13 /home/mukesh/Desktop/project/mini-os/toolchain/i686-elf/lib/gcc/i686-elf/11.2.0/libgcc.a(_udivdi3.o)
 .comment       0x0000000000000098       0x13 /home/mukesh/Desktop/project/mini-os/toolchain/i686-elf/lib/gcc/i686-elf/11.2.0/libgcc.a(_umoddi3.o)

.debug_frame    0x0000000000000000      0x52c
 .debug_frame   0x0000000000000000       0x54 /home/mukesh/Desktop/project/mini-os/build/stage2/c/ctype.obj
 .debug_frame   0x0000000000000054       0x80 /home/mukesh/Desktop/project/mini-os/build/stage2/c/disk.obj
 .debug_frame   0x00000000000000d4      0x184 /home/mukesh/Desktop/project/mini-os/build/stage2/c/fat.obj
 .debug_frame   0x0000000000000258       0x2c /home/mukesh/Desktop/project/mini-os/build/stage2/c/main.obj
 .debug_frame   0x0000000000000284       0x74 /home/mukesh/Desktop/project/mini-os/build/stage2/c/memory.obj
 .debug_frame   0x00000000000002f8      0x1c0 /home/mukesh/Desktop/project/mini-os/build/stage2/c/stdio.obj
 .debug_frame   0x00000000000004b8       0x74 /home/mukesh/Desktop/project/mini-os/build/stage2/c/string.obj

.debug_loclists
                0x0000000000000000      0x9a0
 .debug_loclists
                0x0000000000000000      0x50b /home/mukesh/Desktop/project/mini-os/toolchain/i686-elf/lib/gcc/i686-elf/11.2.0/libgcc.a(_udivdi3.o)
 .debug_loclists
                0x000000000000050b      0x495 /home/mukesh/Desktop/project/mini-os/toolchain/i686-elf/lib/gcc/i686-elf/11.2.0/libgcc.a(_umoddi3.o)

.debug_rnglists
                0x0000000000000000       0x4a
 .debug_rnglists
                0x0000000000000000       0x2a /home/mukesh/Desktop/project/mini-os/toolchain/i686-elf/lib/gcc/i686-elf/11.2.0/libgcc.a(_udivdi3.o)
 .debug_rnglists
                0x000000000000002a       0x20 /home/mukesh/Desktop/project/mini-os/toolchain/i686-elf/lib/gcc/i686-elf/11.2.0/libgcc.a(_umoddi3.o)
